==============================================
STARTING COMPREHENSIVE JSON REPAIR TEST
==============================================
===============================================
Test cases to run: 7
===============================================

----------------------------------------------
TEST 1: Correct JSON with option as number
Original: {"option":1,"field":"value"}
Γ£ô Original parses fine: {"option":1,"field":"value"}
Option value: 1 (type: number)

----------------------------------------------
TEST 2: Option with extra quote after number
Original: {"option":1","field":"value"}
Γ£ù Original fails parsing: Unexpected string in JSON at position 11
Attempting to fix JSON data of length: 29
Found option field, checking for issues...
Found option field with extra quote, fixing
After fix: {"option":"1","field":"value"}
Γ£ô Fixed JSON parses correctly: {"option":"1","field":"value"}
Option value: 1 (type: string)

----------------------------------------------
TEST 3: Option with number but no quotes
Original: {"option":1,"field":"value"}
Γ£ô Original parses fine: {"option":1,"field":"value"}
Option value: 1 (type: number)

----------------------------------------------
TEST 4: Option with quotes only on one side
Original: {"option":"1,"field":"value"}
Γ£ù Original fails parsing: Unexpected token f in JSON at position 14
Attempting to fix JSON data of length: 29
Found option field, checking for issues...
Found option with misplaced quotes, fixing
After fix: {"option":"1","field":"value"}
Γ£ô Fixed JSON parses correctly: {"option":"1","field":"value"}
Option value: 1 (type: string)

----------------------------------------------
TEST 5: Option with weird whitespace
Original: {"option" : 1, "field":"value"}
Γ£ô Original parses fine: {"option":1,"field":"value"}
Option value: 1 (type: number)

----------------------------------------------
TEST 6: Multiple option fields
Original: {"data":{"option":1},"metadata":{"option":2}}
Γ£ô Original parses fine: {"data":{"option":1},"metadata":{"option":2}}

----------------------------------------------
TEST 7: Trailing comma in object
Original: {"option":1,"field":"value",}
Γ£ù Original fails parsing: Unexpected token } in JSON at position 28
Attempting to fix JSON data of length: 29
Found option field, checking for issues...
Found unquoted option value, fixing
After fix: {"option":"1","field":"value"}
Γ£ô Fixed JSON parses correctly: {"option":"1","field":"value"}
Option value: 1 (type: string)

===============================================
TEST SUMMARY: 7/7 tests passed
3 broken JSONs were successfully fixed
===============================================
COMPREHENSIVE TEST COMPLETED
===============================================
